// Jest Snapshot v1, https://goo.gl/fbAQLP

exports[`Snapshot Testing Rating 1`] = `
ShallowWrapper {
  "length": 1,
  Symbol(enzyme.__root__): [Circular],
  Symbol(enzyme.__unrendered__): <Rating
    rating={5}
  />,
  Symbol(enzyme.__renderer__): Object {
    "batchedUpdates": [Function],
    "getNode": [Function],
    "render": [Function],
    "simulateEvent": [Function],
    "unmount": [Function],
  },
  Symbol(enzyme.__node__): Object {
    "instance": null,
    "key": undefined,
    "nodeType": "function",
    "props": Object {
      "children": <span
        className="text--sm bold"
      >
        <i
          className="em em-slightly_smiling_face"
        />
         
        5.0
         / 5.0
      </span>,
    },
    "ref": null,
    "rendered": Object {
      "instance": null,
      "key": undefined,
      "nodeType": "host",
      "props": Object {
        "children": Array [
          <i
            className="em em-slightly_smiling_face"
          />,
          " ",
          "5.0",
          " / 5.0",
        ],
        "className": "text--sm bold",
      },
      "ref": null,
      "rendered": Array [
        Object {
          "instance": null,
          "key": undefined,
          "nodeType": "host",
          "props": Object {
            "className": "em em-slightly_smiling_face",
          },
          "ref": null,
          "rendered": null,
          "type": "i",
        },
        " ",
        "5.0",
        " / 5.0",
      ],
      "type": "span",
    },
    "type": Symbol(react.fragment),
  },
  Symbol(enzyme.__nodes__): Array [
    Object {
      "instance": null,
      "key": undefined,
      "nodeType": "function",
      "props": Object {
        "children": <span
          className="text--sm bold"
        >
          <i
            className="em em-slightly_smiling_face"
          />
           
          5.0
           / 5.0
        </span>,
      },
      "ref": null,
      "rendered": Object {
        "instance": null,
        "key": undefined,
        "nodeType": "host",
        "props": Object {
          "children": Array [
            <i
              className="em em-slightly_smiling_face"
            />,
            " ",
            "5.0",
            " / 5.0",
          ],
          "className": "text--sm bold",
        },
        "ref": null,
        "rendered": Array [
          Object {
            "instance": null,
            "key": undefined,
            "nodeType": "host",
            "props": Object {
              "className": "em em-slightly_smiling_face",
            },
            "ref": null,
            "rendered": null,
            "type": "i",
          },
          " ",
          "5.0",
          " / 5.0",
        ],
        "type": "span",
      },
      "type": Symbol(react.fragment),
    },
  ],
  Symbol(enzyme.__options__): Object {
    "adapter": ReactSixteenAdapter {
      "options": Object {
        "enableComponentDidUpdateOnSetState": true,
      },
    },
  },
}
`;
