// Jest Snapshot v1, https://goo.gl/fbAQLP

exports[`Snapshot Testing ProgressLoader 1`] = `
ShallowWrapper {
  "length": 1,
  Symbol(enzyme.__root__): [Circular],
  Symbol(enzyme.__unrendered__): <Unknown />,
  Symbol(enzyme.__renderer__): Object {
    "batchedUpdates": [Function],
    "getNode": [Function],
    "render": [Function],
    "simulateEvent": [Function],
    "unmount": [Function],
  },
  Symbol(enzyme.__node__): Object {
    "instance": null,
    "key": undefined,
    "nodeType": "host",
    "props": Object {
      "children": <style>
        
      /* Make clicks pass-through */
      #nprogress {
          pointer-events: none;
      }

      #nprogress .bar {
          background: #1f9ac1;

          position: fixed;
          z-index: 1031;
          top: 0;
          left: 0;

          width: 100%;
          height: 2px;
      }

      /* todo use this for whole page loading */
      .nprogress-busy{
       }
      /* Fancy blur effect */
      #nprogress .peg {
          display: block;
          position: absolute;
          right: 0px;
          width: 100px;
          height: 100%;
          box-shadow: 0 0 10px #1f9ac1, 0 0 5px #1f9ac1;
          opacity: 1.0;
          -webkit-transform: rotate(3deg) translate(0px, -4px);
          -ms-transform: rotate(3deg) translate(0px, -4px);
          transform: rotate(3deg) translate(0px, -4px);
      }

      /* Remove these to get rid of the spinner */
      #nprogress .spinner {
          display: block;
          position: fixed;
          z-index: 1031;
          top: 15px;
          right: 15px;
          visibility:hidden;
      }

      #nprogress .spinner-icon {
          width: 18px;
          height: 18px;
          box-sizing: border-box;

          border: solid 2px transparent;
          border-top-color: #1f9ac1;
          border-left-color: #1f9ac1;
          border-radius: 50%;

          -webkit-animation: nprogress-spinner 400ms linear infinite;
          animation: nprogress-spinner 400ms linear infinite;
      }

      .nprogress-custom-parent {
          overflow: hidden;
          position: relative;
      }

      .nprogress-custom-parent #nprogress .spinner,
      .nprogress-custom-parent #nprogress .bar {
          position: absolute;
      }

      @-webkit-keyframes nprogress-spinner {
          0% {
              -webkit-transform: rotate(0deg);
          }
          100% {
              -webkit-transform: rotate(360deg);
          }
      }

      @keyframes nprogress-spinner {
          0% {
              transform: rotate(0deg);
          }
          100% {
              transform: rotate(360deg);
          }
      }
    
      </style>,
    },
    "ref": null,
    "rendered": Object {
      "instance": null,
      "key": undefined,
      "nodeType": "host",
      "props": Object {
        "children": "
      /* Make clicks pass-through */
      #nprogress {
          pointer-events: none;
      }

      #nprogress .bar {
          background: #1f9ac1;

          position: fixed;
          z-index: 1031;
          top: 0;
          left: 0;

          width: 100%;
          height: 2px;
      }

      /* todo use this for whole page loading */
      .nprogress-busy{
       }
      /* Fancy blur effect */
      #nprogress .peg {
          display: block;
          position: absolute;
          right: 0px;
          width: 100px;
          height: 100%;
          box-shadow: 0 0 10px #1f9ac1, 0 0 5px #1f9ac1;
          opacity: 1.0;
          -webkit-transform: rotate(3deg) translate(0px, -4px);
          -ms-transform: rotate(3deg) translate(0px, -4px);
          transform: rotate(3deg) translate(0px, -4px);
      }

      /* Remove these to get rid of the spinner */
      #nprogress .spinner {
          display: block;
          position: fixed;
          z-index: 1031;
          top: 15px;
          right: 15px;
          visibility:hidden;
      }

      #nprogress .spinner-icon {
          width: 18px;
          height: 18px;
          box-sizing: border-box;

          border: solid 2px transparent;
          border-top-color: #1f9ac1;
          border-left-color: #1f9ac1;
          border-radius: 50%;

          -webkit-animation: nprogress-spinner 400ms linear infinite;
          animation: nprogress-spinner 400ms linear infinite;
      }

      .nprogress-custom-parent {
          overflow: hidden;
          position: relative;
      }

      .nprogress-custom-parent #nprogress .spinner,
      .nprogress-custom-parent #nprogress .bar {
          position: absolute;
      }

      @-webkit-keyframes nprogress-spinner {
          0% {
              -webkit-transform: rotate(0deg);
          }
          100% {
              -webkit-transform: rotate(360deg);
          }
      }

      @keyframes nprogress-spinner {
          0% {
              transform: rotate(0deg);
          }
          100% {
              transform: rotate(360deg);
          }
      }
    ",
      },
      "ref": null,
      "rendered": "
      /* Make clicks pass-through */
      #nprogress {
          pointer-events: none;
      }

      #nprogress .bar {
          background: #1f9ac1;

          position: fixed;
          z-index: 1031;
          top: 0;
          left: 0;

          width: 100%;
          height: 2px;
      }

      /* todo use this for whole page loading */
      .nprogress-busy{
       }
      /* Fancy blur effect */
      #nprogress .peg {
          display: block;
          position: absolute;
          right: 0px;
          width: 100px;
          height: 100%;
          box-shadow: 0 0 10px #1f9ac1, 0 0 5px #1f9ac1;
          opacity: 1.0;
          -webkit-transform: rotate(3deg) translate(0px, -4px);
          -ms-transform: rotate(3deg) translate(0px, -4px);
          transform: rotate(3deg) translate(0px, -4px);
      }

      /* Remove these to get rid of the spinner */
      #nprogress .spinner {
          display: block;
          position: fixed;
          z-index: 1031;
          top: 15px;
          right: 15px;
          visibility:hidden;
      }

      #nprogress .spinner-icon {
          width: 18px;
          height: 18px;
          box-sizing: border-box;

          border: solid 2px transparent;
          border-top-color: #1f9ac1;
          border-left-color: #1f9ac1;
          border-radius: 50%;

          -webkit-animation: nprogress-spinner 400ms linear infinite;
          animation: nprogress-spinner 400ms linear infinite;
      }

      .nprogress-custom-parent {
          overflow: hidden;
          position: relative;
      }

      .nprogress-custom-parent #nprogress .spinner,
      .nprogress-custom-parent #nprogress .bar {
          position: absolute;
      }

      @-webkit-keyframes nprogress-spinner {
          0% {
              -webkit-transform: rotate(0deg);
          }
          100% {
              -webkit-transform: rotate(360deg);
          }
      }

      @keyframes nprogress-spinner {
          0% {
              transform: rotate(0deg);
          }
          100% {
              transform: rotate(360deg);
          }
      }
    ",
      "type": "style",
    },
    "type": "div",
  },
  Symbol(enzyme.__nodes__): Array [
    Object {
      "instance": null,
      "key": undefined,
      "nodeType": "host",
      "props": Object {
        "children": <style>
          
      /* Make clicks pass-through */
      #nprogress {
          pointer-events: none;
      }

      #nprogress .bar {
          background: #1f9ac1;

          position: fixed;
          z-index: 1031;
          top: 0;
          left: 0;

          width: 100%;
          height: 2px;
      }

      /* todo use this for whole page loading */
      .nprogress-busy{
       }
      /* Fancy blur effect */
      #nprogress .peg {
          display: block;
          position: absolute;
          right: 0px;
          width: 100px;
          height: 100%;
          box-shadow: 0 0 10px #1f9ac1, 0 0 5px #1f9ac1;
          opacity: 1.0;
          -webkit-transform: rotate(3deg) translate(0px, -4px);
          -ms-transform: rotate(3deg) translate(0px, -4px);
          transform: rotate(3deg) translate(0px, -4px);
      }

      /* Remove these to get rid of the spinner */
      #nprogress .spinner {
          display: block;
          position: fixed;
          z-index: 1031;
          top: 15px;
          right: 15px;
          visibility:hidden;
      }

      #nprogress .spinner-icon {
          width: 18px;
          height: 18px;
          box-sizing: border-box;

          border: solid 2px transparent;
          border-top-color: #1f9ac1;
          border-left-color: #1f9ac1;
          border-radius: 50%;

          -webkit-animation: nprogress-spinner 400ms linear infinite;
          animation: nprogress-spinner 400ms linear infinite;
      }

      .nprogress-custom-parent {
          overflow: hidden;
          position: relative;
      }

      .nprogress-custom-parent #nprogress .spinner,
      .nprogress-custom-parent #nprogress .bar {
          position: absolute;
      }

      @-webkit-keyframes nprogress-spinner {
          0% {
              -webkit-transform: rotate(0deg);
          }
          100% {
              -webkit-transform: rotate(360deg);
          }
      }

      @keyframes nprogress-spinner {
          0% {
              transform: rotate(0deg);
          }
          100% {
              transform: rotate(360deg);
          }
      }
    
        </style>,
      },
      "ref": null,
      "rendered": Object {
        "instance": null,
        "key": undefined,
        "nodeType": "host",
        "props": Object {
          "children": "
      /* Make clicks pass-through */
      #nprogress {
          pointer-events: none;
      }

      #nprogress .bar {
          background: #1f9ac1;

          position: fixed;
          z-index: 1031;
          top: 0;
          left: 0;

          width: 100%;
          height: 2px;
      }

      /* todo use this for whole page loading */
      .nprogress-busy{
       }
      /* Fancy blur effect */
      #nprogress .peg {
          display: block;
          position: absolute;
          right: 0px;
          width: 100px;
          height: 100%;
          box-shadow: 0 0 10px #1f9ac1, 0 0 5px #1f9ac1;
          opacity: 1.0;
          -webkit-transform: rotate(3deg) translate(0px, -4px);
          -ms-transform: rotate(3deg) translate(0px, -4px);
          transform: rotate(3deg) translate(0px, -4px);
      }

      /* Remove these to get rid of the spinner */
      #nprogress .spinner {
          display: block;
          position: fixed;
          z-index: 1031;
          top: 15px;
          right: 15px;
          visibility:hidden;
      }

      #nprogress .spinner-icon {
          width: 18px;
          height: 18px;
          box-sizing: border-box;

          border: solid 2px transparent;
          border-top-color: #1f9ac1;
          border-left-color: #1f9ac1;
          border-radius: 50%;

          -webkit-animation: nprogress-spinner 400ms linear infinite;
          animation: nprogress-spinner 400ms linear infinite;
      }

      .nprogress-custom-parent {
          overflow: hidden;
          position: relative;
      }

      .nprogress-custom-parent #nprogress .spinner,
      .nprogress-custom-parent #nprogress .bar {
          position: absolute;
      }

      @-webkit-keyframes nprogress-spinner {
          0% {
              -webkit-transform: rotate(0deg);
          }
          100% {
              -webkit-transform: rotate(360deg);
          }
      }

      @keyframes nprogress-spinner {
          0% {
              transform: rotate(0deg);
          }
          100% {
              transform: rotate(360deg);
          }
      }
    ",
        },
        "ref": null,
        "rendered": "
      /* Make clicks pass-through */
      #nprogress {
          pointer-events: none;
      }

      #nprogress .bar {
          background: #1f9ac1;

          position: fixed;
          z-index: 1031;
          top: 0;
          left: 0;

          width: 100%;
          height: 2px;
      }

      /* todo use this for whole page loading */
      .nprogress-busy{
       }
      /* Fancy blur effect */
      #nprogress .peg {
          display: block;
          position: absolute;
          right: 0px;
          width: 100px;
          height: 100%;
          box-shadow: 0 0 10px #1f9ac1, 0 0 5px #1f9ac1;
          opacity: 1.0;
          -webkit-transform: rotate(3deg) translate(0px, -4px);
          -ms-transform: rotate(3deg) translate(0px, -4px);
          transform: rotate(3deg) translate(0px, -4px);
      }

      /* Remove these to get rid of the spinner */
      #nprogress .spinner {
          display: block;
          position: fixed;
          z-index: 1031;
          top: 15px;
          right: 15px;
          visibility:hidden;
      }

      #nprogress .spinner-icon {
          width: 18px;
          height: 18px;
          box-sizing: border-box;

          border: solid 2px transparent;
          border-top-color: #1f9ac1;
          border-left-color: #1f9ac1;
          border-radius: 50%;

          -webkit-animation: nprogress-spinner 400ms linear infinite;
          animation: nprogress-spinner 400ms linear infinite;
      }

      .nprogress-custom-parent {
          overflow: hidden;
          position: relative;
      }

      .nprogress-custom-parent #nprogress .spinner,
      .nprogress-custom-parent #nprogress .bar {
          position: absolute;
      }

      @-webkit-keyframes nprogress-spinner {
          0% {
              -webkit-transform: rotate(0deg);
          }
          100% {
              -webkit-transform: rotate(360deg);
          }
      }

      @keyframes nprogress-spinner {
          0% {
              transform: rotate(0deg);
          }
          100% {
              transform: rotate(360deg);
          }
      }
    ",
        "type": "style",
      },
      "type": "div",
    },
  ],
  Symbol(enzyme.__options__): Object {
    "adapter": ReactSixteenAdapter {
      "options": Object {
        "enableComponentDidUpdateOnSetState": true,
      },
    },
  },
}
`;
